
  CURVTON-EASY
    Metric                                       Raw     z-score     Sigmoid
    ----------------------------------- ------------  ----------  ----------
    pose_diversity                               N/A         N/A         N/A
    pose_artic_complexity                    +5.1570    +32.3800    1.000000
    occlusion_complexity                     +0.0972     -0.5280    0.370983
    illumination_complexity                  +0.1116     +1.2320    0.774168
    shape_diversity_logdet                  -59.2236     -4.8706    0.007610
    appearance_diversity_mean                +0.8205     +2.1025    0.891146
    garment_diversity_logdet               -811.3777   -197.8444    0.000000
    ---------------------------------------------------------------------
    Final Score (0-100)                                              50.7318

  CURVTON-MEDIUM
    Metric                                       Raw     z-score     Sigmoid
    ----------------------------------- ------------  ----------  ----------
    pose_diversity                         -260.5846    -81.8615    0.000000
    pose_artic_complexity                    +5.1563    +32.3753    1.000000
    occlusion_complexity                     +0.1637     +0.1370    0.534197
    illumination_complexity                  +0.1161     +1.3220    0.789514
    shape_diversity_logdet                  -47.5704     -2.9284    0.050767
    appearance_diversity_mean                +0.8681     +2.3405    0.912176
    garment_diversity_logdet               -812.0831   -198.0208    0.000000
    ---------------------------------------------------------------------
    Final Score (0-100)                                              46.9522

  CURVTON-HARD
    Metric                                       Raw     z-score     Sigmoid
    ----------------------------------- ------------  ----------  ----------
    pose_diversity                               N/A         N/A         N/A
    pose_artic_complexity                    +5.1568    +32.3787    1.000000
    occlusion_complexity                     +0.1270     -0.2300    0.442752
    illumination_complexity                  +0.1256     +1.5120    0.819357
    shape_diversity_logdet                  -41.2216     -1.8703    0.133511
    appearance_diversity_mean                +0.9639     +2.8195    0.943721
    garment_diversity_logdet               -811.0453   -197.7613    0.000000
    ---------------------------------------------------------------------
    Final Score (0-100)                                              55.6557
